func #0:
   +1  * call[func=1]
   +3  * end
func #1:
   +1  * i32.const[0]
   +3  * i32.const[1]
   +5  * call[func=2]
   +7  * i32.const[0]
   +9  * i32.const[2]
  +11  * call[func=2]
  +13  * end
func #2:
   +1  * end
