func #0: 1
  +1: call [1]: 1
func #1: 1
  +5: call [2]: 1
  +11: call [2]: 1
func #2: 2
