func #0:
   +1 -->  call[func=1]
    -      end
func #1:
   +1 -->  i32.const[0]
    -      i32.const[1]
    -      call[func=2]
    -      i32.const[0]
    -      i32.const[2]
    -      call[func=2]
    -      end
func #2:
   +1 -->  end
