        func #2   +1:             2
        func #0   +1:             1
        func #0   +3:             1
        func #1   +1:             1
  4 instrs                reach 50%
        func #1   +3:             1
        func #1   +5:             1
        func #1   +7:             1
  7 instrs                reach 75%
        func #1   +9:             1
  8 instrs                reach 90%
        func #1  +11:             1
  9 instrs                reach 95%
        func #1  +13:             1
