----- reach 50%
----- reach 75%
----- reach 90%
----- reach 95%
----- reach 99%
---- reach 100%
func #0:
   +1      1	call[func=1]
   +3      1	end
func #1:
   +1      1	i32.const[0]
   +3      1	i32.const[1]
   +5      1	call[func=2]
   +7      1	i32.const[0]
   +9      1	i32.const[2]
  +11      1	call[func=2]
  +13      1	end
func #2:
   +1      2	end
