Instr coverage:	10 / 10 (100.0%)
Block coverage:	3 / 3 (100.0%)
