----- reach 50%
----- reach 75%
----- reach 90%
----- reach 95%
----- reach 99%
---- reach 100%
func #0:
   +3      1	i32.const[1]
   +5      1	local.set[1]
   +7      1	loop[]
   +9      1		local.get[1]
  +11      1		i32.const[1]
  +13      1		i32.sub
  +14      1		local.set[1]
  +16      1		local.get[1]
  +18      1		i32.const[1]
  +20      1		i32.eq
  +21      1		br_if[depth=0]
  +23      1		local.get[1]
  +25      1		br_if[depth=0]
  +27      1	end
  +28      1	i32.const[1]
  +30      1	call[func=1]
  +32      1	i32.const[0]
  +34      1	i32.const[1]
  +36      1	call[func=2]
  +38      1	end
func #1:
   +1      1	local.get[0]
   +3      1	if[]
   +5      1		nop
   +6      1		nop
   +7      1	else
   +8      0		nop
   +9      1	end
  +10      1	end
func #2:
   +1      1	local.get[0]
   +3      1	br_if[depth=0]
   +5      1	nop
   +6      1	local.get[1]
   +8      1	br_if[depth=0]
  +10      0	nop
  +11      1	end
func #3:
   +1      0	end
func #4:
   +1      0	unreachable
   +2      0	end
