func #0:
   +3     i32.const[1]          
   +5     local.set[1]          
   +7     loop[]                  <-- +21: 0, +25: 0
   +9     local.get[1]          
  +11     i32.const[1]          
  +13     i32.sub               
  +14     local.set[1]          
  +16     local.get[1]          
  +18     i32.const[1]          
  +20     i32.eq                
  +21     br_if[depth=0]          --> +7: 0, +23: 1
  +23     local.get[1]            <-- +21: 1
  +25     br_if[depth=0]          --> +7: 0, +27: 1
  +27     end                     <-- +25: 1
  +28     i32.const[1]          
  +30     call[func=1]          
  +32     i32.const[0]          
  +34     i32.const[1]          
  +36     call[func=2]          
  +38     end                   
func #1:
   +1     local.get[0]          
   +3     if[]                    --> +7: 1, +5: 0
   +5     nop                     <-- +3: 0
   +6     nop                   
   +7     else                    <-- +3: 1
   +8     nop                   
   +9     end                   
  +10     end                   
func #2:
   +1     local.get[0]          
   +3     br_if[depth=0]          --> +10: 0, +5: 1
   +5     nop                     <-- +3: 1
   +6     local.get[1]          
   +8     br_if[depth=0]          --> +10: 1, +10: 0
  +10     nop                     <-- +3: 0, +8: 1, +8: 0
  +11     end                   
