func #0: 1
  +30: call [1]: 1
  +36: call [2]: 1
func #1: 1
func #2: 1
