        func #0   +3:             1
        func #0   +5:             1
        func #0   +7:             1
        func #0   +9:             1
        func #0  +11:             1
        func #0  +13:             1
        func #0  +14:             1
        func #0  +16:             1
        func #0  +18:             1
        func #0  +20:             1
        func #0  +21:             1
        func #0  +23:             1
        func #0  +25:             1
        func #0  +27:             1
        func #0  +28:             1
        func #0  +30:             1
 16 instrs                reach 50%
        func #0  +32:             1
        func #0  +34:             1
        func #0  +36:             1
        func #0  +38:             1
        func #1   +1:             1
        func #1   +3:             1
        func #1   +5:             1
        func #1   +6:             1
 24 instrs                reach 75%
        func #1   +7:             1
        func #1   +9:             1
        func #1  +10:             1
        func #2   +1:             1
        func #2   +3:             1
 29 instrs                reach 90%
        func #2   +5:             1
        func #2   +6:             1
 31 instrs                reach 95%
        func #2   +8:             1
 32 instrs                reach 99%
        func #2  +11:             1
 33 instrs               reach 100%
        func #1   +8:             0
        func #2  +10:             0
        func #3   +1:             0
        func #4   +1:             0
        func #4   +2:             0
