func #0:
  +21 br_if:	 [1, 0]
  +25 br_if:	 [1, 0]
func #1:
   +3 if:	 [0, 1]
func #2:
   +3 br_if:	 [1, 0]
   +8 br_if:	 [0, 1]
