Instr coverage:	33 / 38 (86.8%)
Block coverage:	10 / 14 (71.4%)
