func #0:
   +3	i32.const[1]
   +5	local.set[1]
   +7	-->	loop[]
   +9	|	local.get[1]
  +11	|	i32.const[1]
  +13	|	i32.sub
  +14	|	local.set[1]
  +16	|	local.get[1]
  +18	|	i32.const[1]
  +20	|	i32.eq
  +21	|	br_if[depth=0]
  +23	|	local.get[1]
  +25	|	br_if[depth=0]
  +27	<--	end
  +28	i32.const[1]
  +30	call[func=1]
  +32	i32.const[0]
  +34	i32.const[1]
  +36	call[func=2]
  +38	end
