func #0:
   +3 -->  i32.const[1]
    -      local.set[1]
   +7 -->  loop[]
    -      local.get[1]
    -      i32.const[1]
    -      i32.sub
    -      local.set[1]
    -      local.get[1]
    -      i32.const[1]
    -      i32.eq
    -      br_if[depth=0]
  +23 -->  local.get[1]
    -      br_if[depth=0]
  +27 -->  end
  +28 -->  i32.const[1]
    -      call[func=1]
    -      i32.const[0]
    -      i32.const[1]
    -      call[func=2]
    -      end
func #1:
   +1 -->  local.get[0]
    -      if[]
   +5 -->  nop
    -      nop
    -      else
   +8      nop
    -      end
  +10 -->  end
func #2:
   +1 -->  local.get[0]
    -      br_if[depth=0]
   +5 -->  nop
    -      local.get[1]
    -      br_if[depth=0]
  +10      nop
    -      end
func #3:
   +1      end
func #4:
   +1      unreachable
    -      end
