memory #0
memory.init: 0, 0 bytes
memory.copy: 0, 0 bytes
memory.fill: 0, 0 bytes
grows: 0, max pages: 0
 Addresses                       reads       writes
----------------------------------------------------
 00000000 ... 0000FFFF               5            5
