        func #0   +1:             1
        func #0   +3:             1
        func #0   +5:             1
        func #0   +8:             1
        func #0  +11:             1
        func #0  +13:             1
        func #0  +15:             1
        func #0  +18:             1
        func #0  +21:             1
        func #0  +23:             1
 10 instrs                reach 50%
        func #0  +25:             1
        func #0  +28:             1
        func #0  +31:             1
        func #0  +33:             1
        func #0  +35:             1
 15 instrs                reach 75%
        func #0  +38:             1
        func #0  +41:             1
        func #0  +43:             1
 18 instrs                reach 90%
        func #0  +45:             1
 19 instrs                reach 95%
        func #0  +49:             1
 20 instrs                reach 99%
        func #0  +53:             1
