----- reach 50%
----- reach 75%
----- reach 90%
----- reach 95%
----- reach 99%
---- reach 100%
func #0:
   +1      1	i32.const[1]
   +3      1	i32.const[0]
   +5      1	i32.load[align=2,offset=0]
   +8      1	i32.store[align=2,offset=0]
  +11      1	i32.const[2]
  +13      1	i32.const[0]
  +15      1	i64.load[align=2,offset=0]
  +18      1	i64.store[align=2,offset=0]
  +21      1	i32.const[3]
  +23      1	i32.const[0]
  +25      1	f32.load[align=2,offset=0]
  +28      1	f32.store[align=2,offset=0]
  +31      1	i32.const[4]
  +33      1	i32.const[0]
  +35      1	f64.load[align=2,offset=0]
  +38      1	f64.store[align=2,offset=0]
  +41      1	i32.const[5]
  +43      1	i32.const[0]
  +45      1	v128.load[align=4,offset=0]
  +49      1	v128.store[align=4,offset=0]
  +53      1	end
