func #0:
   +1 -->  i32.const[1]
    -      i32.const[0]
    -      i32.load[align=2,offset=0]
    -      i32.store[align=2,offset=0]
    -      i32.const[2]
    -      i32.const[0]
    -      i64.load[align=2,offset=0]
    -      i64.store[align=2,offset=0]
    -      i32.const[3]
    -      i32.const[0]
    -      f32.load[align=2,offset=0]
    -      f32.store[align=2,offset=0]
    -      i32.const[4]
    -      i32.const[0]
    -      f64.load[align=2,offset=0]
    -      f64.store[align=2,offset=0]
    -      i32.const[5]
    -      i32.const[0]
    -      v128.load[align=4,offset=0]
    -      v128.store[align=4,offset=0]
    -      end
