func #0:
   +1  * i32.const[1]
   +3  * i32.const[0]
   +5  * i32.load[align=2,offset=0]
   +8  * i32.store[align=2,offset=0]
  +11  * i32.const[2]
  +13  * i32.const[0]
  +15  * i64.load[align=2,offset=0]
  +18  * i64.store[align=2,offset=0]
  +21  * i32.const[3]
  +23  * i32.const[0]
  +25  * f32.load[align=2,offset=0]
  +28  * f32.store[align=2,offset=0]
  +31  * i32.const[4]
  +33  * i32.const[0]
  +35  * f64.load[align=2,offset=0]
  +38  * f64.store[align=2,offset=0]
  +41  * i32.const[5]
  +43  * i32.const[0]
  +45  * v128.load[align=4,offset=0]
  +49  * v128.store[align=4,offset=0]
  +53  * end
