Instr coverage:	21 / 21 (100.0%)
Block coverage:	1 / 1 (100.0%)
