monitor:0x5: error inserting Whamm! probe whamm probe: function in call argument did not return a value (arity 0)
