monitor:0x5: error inserting Whamm! probe whamm probe: function in the probe argument not found
