hello pred0!
hello pred1!
hello call!
hello call_indirect!
